WARNING: pvlib not installed. Simple PV model will be used.
==================================================
Testing SimulationEngine Data Packet
==================================================
python : Traceback 
(most recent call 
last):
At line:1 char:1
+ python test_simul
ation_core.py 2>&1 
| Out-File 
-FilePath 
test_output. ...
+ ~~~~~~~~~~~~~~~~~
~~~~~~~~~~~~~~~~~~
    + CategoryInfo 
             : No  
  tSpecified: (T   
 raceback (most    
 recent call l    
ast)::String)     
[], RemoteExce    
ption
    + FullyQualifi 
   edErrorId : Na  
  tiveCommandErr   
 or
 
  File "C:\Users\qu
anp\PycharmProjects
\SmartHomeEnv\backe
nd\test_simulation_
core.py", line 13, 
in <module>
    print("\n\U0001
f4e6 Data Packet 
(Step 1):")
  File "C:\Program 
Files\WindowsApps\P
ythonSoftwareFounda
tion.Python.3.11_3.
11.2544.0_x64__qbz5
n2kfra8p0\Lib\encod
ings\cp1252.py", 
line 19, in encode
    return codecs.c
harmap_encode(input
,self.errors,encodi
ng_table)[0]
           ^^^^^^^^
^^^^^^^^^^^^^^^^^^^
^^^^^^^^^^^^^^^^^^^
^^^^^^^^^
UnicodeEncodeError:
 'charmap' codec 
can't encode 
character 
'\U0001f4e6' in 
position 2: 
character maps to 
<undefined>
